<?xml version="1.0" encoding="utf-8"?>
<TestRun id="79a6aa30-83e6-4988-b4b7-cf8ee5c6c061" name="anacl@DESKTOP-OIV0IV9 2020-07-05 18:03:59" runUser="DESKTOP-OIV0IV9\anacl" xmlns="http://microsoft.com/schemas/VisualStudio/TeamTest/2010">
  <Times creation="2020-07-05T18:03:59.9348620-03:00" queuing="2020-07-05T18:03:59.9348638-03:00" start="2020-07-05T18:03:36.8314548-03:00" finish="2020-07-05T18:04:18.5691191-03:00" />
  <TestSettings name="default" id="3cfc9478-2fcf-401e-81dd-e06f82f694f4">
    <Deployment runDeploymentRoot="anacl_DESKTOP-OIV0IV9_2020-07-05_18_03_59" />
  </TestSettings>
  <Results>
    <UnitTestResult executionId="425b5445-d282-416c-b6b9-a6828422445c" testId="1233b533-fb57-80b3-0d1c-ae1d575a48fe" testName="SucessfullyLoginEmail" computerName="DESKTOP-OIV0IV9" duration="00:00:18.6361450" startTime="2020-07-05T18:03:59.0000000-03:00" endTime="2020-07-05T18:04:18.0000000-03:00" testType="13cdc9d9-ddb5-4fa4-a97d-d965ccfc6d4b" outcome="Passed" testListId="8c84fa94-04c1-424b-9868-57a2d4851a1d" relativeResultsDirectory="425b5445-d282-416c-b6b9-a6828422445c">
      <ResultFiles>
        <ResultFile path="DESKTOP-OIV0IV9\0-1001.png" />
      </ResultFiles>
    </UnitTestResult>
    <UnitTestResult executionId="391736f2-ac67-4a83-839f-1646b83d9206" testId="47e1132d-d362-46e8-f71a-7f667e5df8e4" testName="FailLoginEmail" computerName="DESKTOP-OIV0IV9" duration="00:00:17.4681989" startTime="2020-07-05T18:03:42.0000000-03:00" endTime="2020-07-05T18:03:59.0000000-03:00" testType="13cdc9d9-ddb5-4fa4-a97d-d965ccfc6d4b" outcome="Passed" testListId="8c84fa94-04c1-424b-9868-57a2d4851a1d" relativeResultsDirectory="391736f2-ac67-4a83-839f-1646b83d9206">
      <ResultFiles>
        <ResultFile path="DESKTOP-OIV0IV9\0-1002.png" />
      </ResultFiles>
    </UnitTestResult>
  </Results>
  <TestDefinitions>
    <UnitTest name="FailLoginEmail" storage="c:\testeze\cenariotesteze-net\bin\debug\netcoreapp3.1\cenariotesteze-net.dll" id="47e1132d-d362-46e8-f71a-7f667e5df8e4">
      <Execution id="391736f2-ac67-4a83-839f-1646b83d9206" />
      <TestMethod codeBase="C:\testeze\cenariotesteze-net\bin\Debug\netcoreapp3.1\cenariotesteze-net.dll" adapterTypeName="executor://nunit3testexecutor/" className="Zedelivery.Tests.LoginTests" name="FailLoginEmail" />
    </UnitTest>
    <UnitTest name="SucessfullyLoginEmail" storage="c:\testeze\cenariotesteze-net\bin\debug\netcoreapp3.1\cenariotesteze-net.dll" id="1233b533-fb57-80b3-0d1c-ae1d575a48fe">
      <Execution id="425b5445-d282-416c-b6b9-a6828422445c" />
      <TestMethod codeBase="C:\testeze\cenariotesteze-net\bin\Debug\netcoreapp3.1\cenariotesteze-net.dll" adapterTypeName="executor://nunit3testexecutor/" className="Zedelivery.Tests.LoginTests" name="SucessfullyLoginEmail" />
    </UnitTest>
  </TestDefinitions>
  <TestEntries>
    <TestEntry testId="1233b533-fb57-80b3-0d1c-ae1d575a48fe" executionId="425b5445-d282-416c-b6b9-a6828422445c" testListId="8c84fa94-04c1-424b-9868-57a2d4851a1d" />
    <TestEntry testId="47e1132d-d362-46e8-f71a-7f667e5df8e4" executionId="391736f2-ac67-4a83-839f-1646b83d9206" testListId="8c84fa94-04c1-424b-9868-57a2d4851a1d" />
  </TestEntries>
  <TestLists>
    <TestList name="Resultados que não estão em uma lista" id="8c84fa94-04c1-424b-9868-57a2d4851a1d" />
    <TestList name="Todos os resultados carregados" id="19431567-8539-422a-85d7-44ee4e166bda" />
  </TestLists>
  <ResultSummary outcome="Completed">
    <Counters total="2" executed="2" passed="2" failed="0" error="0" timeout="0" aborted="0" inconclusive="0" passedButRunAborted="0" notRunnable="0" notExecuted="0" disconnected="0" warning="0" completed="0" inProgress="0" pending="0" />
    <Output>
      <StdOut>NUnit Adapter 3.15.1.0: Test execution started&#xD;
Running all tests in C:\testeze\cenariotesteze-net\bin\Debug\netcoreapp3.1\cenariotesteze-net.dll&#xD;
   NUnit3TestExecutor converted 2 of 2 NUnit test cases&#xD;
NUnit Adapter 3.15.1.0: Test execution complete&#xD;
</StdOut>
    </Output>
  </ResultSummary>
</TestRun>